{"type":"server-started","port":52487,"host":"127.0.0.1","url_host":"localhost","url":"http://localhost:52487","screen_dir":"/Users/ziqiguo/Documents/Diary/GoldenVault/md/topic/personal/sources/people/颖响力/网页/.superpowers/brainstorm/69745-1778937729/content","state_dir":"/Users/ziqiguo/Documents/Diary/GoldenVault/md/topic/personal/sources/people/颖响力/网页/.superpowers/brainstorm/69745-1778937729/state"}
{"type":"screen-added","file":"/Users/ziqiguo/Documents/Diary/GoldenVault/md/topic/personal/sources/people/颖响力/网页/.superpowers/brainstorm/69745-1778937729/content/direction.html"}
{"source":"user-event","type":"click","text":"A. 概念图谱（Obsidian / 你现在的 graph-view）\n      视角：跨多期节目，看「概念—模型—人物」如何串联。\n         能回答：他常用哪些思维工具？哪些主题反复出现？\n         不擅长：单期里\"他怎么想清楚这一个问题\"的过程感。","choice":"a","id":null,"timestamp":1778938511628}
{"source":"user-event","type":"click","text":"B. 思维路径树（reasoning tree / mind map）\n      视角：单期一棵树——主题→分了哪几块→每块的论点→证据/案例。\n         能回答：他是怎么把这个问题\"切开\"的？逻辑层次是什么？\n         典型代表：XMind / Markmap / Roam 大纲。直观、好读。","choice":"b","id":null,"timestamp":1778938512944}
{"source":"user-event","type":"click","text":"主张\n        \n        支持理由\n        \n        支持理由\n        \n        反对/反驳\n        \n        \n        \n        \n        \n        \n        \n        \n        \n        \n        \n      \n    \n    \n      C. 论证图（argument map / Kialo / Rationale）\n      视角：把整期当成一组主张——「主张 ↔ 支持理由 ↔ 反对/反驳 ↔ 证据」。\n         能回答：他的论证强不强？哪些点没被反驳？哪里逻辑跳了？\n         典型代表：Kialo 辩论图、Rationale 软件、Bret Victor 的可推理写作。","choice":"c","id":null,"timestamp":1778938513610}
{"source":"user-event","type":"click","text":"讲到\n        讲到\n        提到\n        遗漏？\n        边界外\n        未覆盖\n        \n        主题\n      \n    \n    \n      D. 覆盖地图（territory map / 留白可视化）\n      视角：先画出\"这个问题的完整领土\"，再把讲者实际覆盖到的部分高亮，剩下的留白就是遗漏和边界外。\n         能回答：他没讲什么？盲区在哪？这正是你提到的\"遗漏 / 边界 / 没覆盖\"。\n         典型代表：Tufte 的小型多重、Information is Beautiful、Wardley Map。","choice":"d","id":null,"timestamp":1778938514143}
{"source":"user-event","type":"click","text":"A. 概念图谱（Obsidian / 你现在的 graph-view）\n      视角：跨多期节目，看「概念—模型—人物」如何串联。\n         能回答：他常用哪些思维工具？哪些主题反复出现？\n         不擅长：单期里\"他怎么想清楚这一个问题\"的过程感。","choice":"a","id":null,"timestamp":1778938520560}
{"type":"screen-added","file":"/Users/ziqiguo/Documents/Diary/GoldenVault/md/topic/personal/sources/people/颖响力/网页/.superpowers/brainstorm/69745-1778937729/content/layout.html"}
{"source":"user-event","type":"click","text":"主题\n        \n        \n        \n        \n        \n        \n        \n        \n        \n        \n        \n        \n        \n        \n        \n        \n        节目\n        人\n        主题\n      \n    \n    \n      A. 同心环 / 放射状（radial）\n      规则：核心放当前焦点（一个概念/模型/人物），按\"距离感\"分环——核心一层、二级一层、扩展一层。\n        不乱原因：每个节点都有\"固定的环\"可去，不会乱飘。\n        展开方式：点任意节点 → 它成为新核心，整个图重新放射。","choice":"a","id":null,"timestamp":1778938725281}
{"source":"user-event","type":"click","text":"焦点\n        \n        \n        \n        \n        \n        \n        \n        \n        \n        \n        \n        \n        \n        \n        \n        \n        \n        \n        \n        \n        只看「焦点 + 一阶邻居」清晰，其他模糊\n      \n    \n    \n      D. 焦点+邻域（focus + halo / progressive disclosure）\n      规则：任何时刻只清晰显示「焦点节点 + 它的一阶邻居」，二阶以外的节点淡化成灰点。\n        不乱原因：永远只展示 5-15 个清晰节点，从不超载。\n        展开方式：点灰点 → 它成为新焦点，原焦点变邻居。像在知识网络里\"漫游\"。","choice":"d","id":null,"timestamp":1778938728182}
{"type":"screen-added","file":"/Users/ziqiguo/Documents/Diary/GoldenVault/md/topic/personal/sources/people/颖响力/网页/.superpowers/brainstorm/69745-1778937729/content/references.html"}
{"type":"screen-added","file":"/Users/ziqiguo/Documents/Diary/GoldenVault/md/topic/personal/sources/people/颖响力/网页/.superpowers/brainstorm/69745-1778937729/content/branching.html"}
{"source":"user-event","type":"click","text":"密集（每节点 6-8 片）\n      一眼信息满载。所有叶子全摊开，像一棵真正的茂密枝。适合：研究/挖掘心态，一次性看到全部延展。可能\"信息过载\"风险。","choice":"dense","id":null,"timestamp":1778939614231}
{"source":"user-event","type":"click","text":"稀疏（每节点 3-4 片）\n      留白多、读得快。每段只展示最关键的几片叶子，剩下的折叠在节点里点击展开。适合：扫读优先，进入再深挖。","choice":"sparse","id":null,"timestamp":1778939615629}
{"source":"user-event","type":"click","text":"密集（每节点 6-8 片）\n      一眼信息满载。所有叶子全摊开，像一棵真正的茂密枝。适合：研究/挖掘心态，一次性看到全部延展。可能\"信息过载\"风险。","choice":"dense","id":null,"timestamp":1778939616212}
{"source":"user-event","type":"click","text":"论点簇 (3)\n          \n          \n          \n          \n          延展 (2)\n          \n          \n          \n          \n          批注/边界 (2)\n        \n        \n          \n          \n          \n          论点 (2)\n          \n          \n          延展\n          \n          \n          边界\n        \n      \n    \n    \n      簇状（按类型聚拢，分方向）\n      有秩序的丰富。每个节点周围分 3 个方向：北=论点簇、东=延展簇、南=批注/边界簇。每簇 2-3 片叶。适合：既想看丰富、又怕乱——位置即类型。★ 我的推荐。","choice":"cluster","id":null,"timestamp":1778939616678}
{"type":"screen-added","file":"/Users/ziqiguo/Documents/Diary/GoldenVault/md/topic/personal/sources/people/颖响力/网页/.superpowers/brainstorm/69745-1778937729/content/branching-v2.html"}
{"source":"user-event","type":"click","text":"B\n    V2-B 上下分区极致规整","choice":"v2b","id":null,"timestamp":1778940473482}
{"source":"user-event","type":"click","text":"C\n    都不对，再调告诉我哪里还乱","choice":"mix","id":null,"timestamp":1778940474561}
{"source":"user-event","type":"click","text":"B\n    V2-B 上下分区极致规整","choice":"v2b","id":null,"timestamp":1778940475302}
{"source":"user-event","type":"click","text":"B\n    V2-B 上下分区极致规整","choice":"v2b","id":null,"timestamp":1778940476153}
{"source":"user-event","type":"click","text":"A\n    V2-A 扇形对齐有机 + 有秩序","choice":"v2a","id":null,"timestamp":1778940477586}
{"type":"screen-added","file":"/Users/ziqiguo/Documents/Diary/GoldenVault/md/topic/personal/sources/people/颖响力/网页/.superpowers/brainstorm/69745-1778937729/content/waiting.html"}
{"type":"screen-added","file":"/Users/ziqiguo/Documents/Diary/GoldenVault/md/topic/personal/sources/people/颖响力/网页/.superpowers/brainstorm/69745-1778937729/content/real-references.html"}
{"type":"screen-added","file":"/Users/ziqiguo/Documents/Diary/GoldenVault/md/topic/personal/sources/people/颖响力/网页/.superpowers/brainstorm/69745-1778937729/content/ep001-real.html"}
{"type":"screen-added","file":"/Users/ziqiguo/Documents/Diary/GoldenVault/md/topic/personal/sources/people/颖响力/网页/.superpowers/brainstorm/69745-1778937729/content/obsidian-style.html"}
{"type":"screen-added","file":"/Users/ziqiguo/Documents/Diary/GoldenVault/md/topic/personal/sources/people/颖响力/网页/.superpowers/brainstorm/69745-1778937729/content/logic-route.html"}
{"type":"screen-added","file":"/Users/ziqiguo/Documents/Diary/GoldenVault/md/topic/personal/sources/people/颖响力/网页/.superpowers/brainstorm/69745-1778937729/content/focus-mode.html"}
{"type":"server-stopped","reason":"idle timeout"}
